Statement for BE_LesFunsWallons
  As You Like It: $508.00 ; TVA : $106.68 (26 seats)
  As You Like It: $740.00 ; TVA : $155.40 (55 seats)
  As You Like It: $684.00 ; TVA : $143.64 (48 seats)
Amount owed is $2,337.72
You earned 68 credits

