Statement for FR_Patee
  Hamlet: $650.00 (55 seats)
  As You Like It: $2,140.00 (230 seats)
  Othello: $4,120.00 (402 seats)
Amount owed is $7,290.05
You earned 643 credits

