Cedric was added
They are player number 1
Eloïse was added
They are player number 2
Cedric is the current player
They have rolled a 1
Cedric's new location is 1
The category is Science
Science Question 0
Question was incorrectly answered
Cedric was sent to the penalty box
Eloïse is the current player
They have rolled a 2
Eloïse's new location is 2
The category is Sports
Sports Question 0
Answer was corrent!!!!
Eloïse now has 1 Gold Coins.
Cedric is the current player
They have rolled a 2
Cedric is not getting out of the penalty box
Eloïse is the current player
They have rolled a 2
Eloïse's new location is 4
The category is Pop
Pop Question 0
Answer was corrent!!!!
Eloïse now has 2 Gold Coins.
Cedric is the current player
They have rolled a 2
Cedric is not getting out of the penalty box
Eloïse is the current player
They have rolled a 2
Eloïse's new location is 6
The category is Sports
Sports Question 1
Answer was corrent!!!!
Eloïse now has 3 Gold Coins.
Cedric is the current player
They have rolled a 2
Cedric is not getting out of the penalty box
Eloïse is the current player
They have rolled a 2
Eloïse's new location is 8
The category is Pop
Pop Question 1
Answer was corrent!!!!
Eloïse now has 4 Gold Coins.
Cedric is the current player
They have rolled a 2
Cedric is not getting out of the penalty box
Eloïse is the current player
They have rolled a 2
Eloïse's new location is 10
The category is Sports
Sports Question 2
Answer was corrent!!!!
Eloïse now has 5 Gold Coins.
